Determining if the pthread_create exist failed with the following output:
Change Dir: /home/underwater/Underwater-Robotics-24-25/catkin_ws/build/CMakeFiles/CMakeTmp

Run Build Command:"/usr/bin/make" "cmTC_ef6ec/fast"
/usr/bin/make -f CMakeFiles/cmTC_ef6ec.dir/build.make CMakeFiles/cmTC_ef6ec.dir/build
make[1]: Entering directory '/home/underwater/Underwater-Robotics-24-25/catkin_ws/build/CMakeFiles/CMakeTmp'
Building C object CMakeFiles/cmTC_ef6ec.dir/CheckSymbolExists.c.o
/usr/bin/cc    -o CMakeFiles/cmTC_ef6ec.dir/CheckSymbolExists.c.o   -c /home/underwater/Underwater-Robotics-24-25/catkin_ws/build/CMakeFiles/CMakeTmp/CheckSymbolExists.c
Linking C executable cmTC_ef6ec
/usr/bin/cmake -E cmake_link_script CMakeFiles/cmTC_ef6ec.dir/link.txt --verbose=1
/usr/bin/cc      -rdynamic CMakeFiles/cmTC_ef6ec.dir/CheckSymbolExists.c.o  -o cmTC_ef6ec 
CMakeFiles/cmTC_ef6ec.dir/CheckSymbolExists.c.o: In function `main':
CheckSymbolExists.c:(.text+0x1b): undefined reference to `pthread_create'
collect2: error: ld returned 1 exit status
CMakeFiles/cmTC_ef6ec.dir/build.make:97: recipe for target 'cmTC_ef6ec' failed
make[1]: *** [cmTC_ef6ec] Error 1
make[1]: Leaving directory '/home/underwater/Underwater-Robotics-24-25/catkin_ws/build/CMakeFiles/CMakeTmp'
Makefile:126: recipe for target 'cmTC_ef6ec/fast' failed
make: *** [cmTC_ef6ec/fast] Error 2

File /home/underwater/Underwater-Robotics-24-25/catkin_ws/build/CMakeFiles/CMakeTmp/CheckSymbolExists.c:
/* */
#include <pthread.h>

int main(int argc, char** argv)
{
  (void)argv;
#ifndef pthread_create
  return ((int*)(&pthread_create))[argc];
#else
  (void)argc;
  return 0;
#endif
}

Determining if the function pthread_create exists in the pthreads failed with the following output:
Change Dir: /home/underwater/Underwater-Robotics-24-25/catkin_ws/build/CMakeFiles/CMakeTmp

Run Build Command:"/usr/bin/make" "cmTC_9cc6a/fast"
/usr/bin/make -f CMakeFiles/cmTC_9cc6a.dir/build.make CMakeFiles/cmTC_9cc6a.dir/build
make[1]: Entering directory '/home/underwater/Underwater-Robotics-24-25/catkin_ws/build/CMakeFiles/CMakeTmp'
Building C object CMakeFiles/cmTC_9cc6a.dir/CheckFunctionExists.c.o
/usr/bin/cc   -DCHECK_FUNCTION_EXISTS=pthread_create   -o CMakeFiles/cmTC_9cc6a.dir/CheckFunctionExists.c.o   -c /usr/share/cmake-3.10/Modules/CheckFunctionExists.c
Linking C executable cmTC_9cc6a
/usr/bin/cmake -E cmake_link_script CMakeFiles/cmTC_9cc6a.dir/link.txt --verbose=1
/usr/bin/cc  -DCHECK_FUNCTION_EXISTS=pthread_create    -rdynamic CMakeFiles/cmTC_9cc6a.dir/CheckFunctionExists.c.o  -o cmTC_9cc6a -lpthreads 
/usr/bin/ld: cannot find -lpthreads
collect2: error: ld returned 1 exit status
CMakeFiles/cmTC_9cc6a.dir/build.make:97: recipe for target 'cmTC_9cc6a' failed
make[1]: *** [cmTC_9cc6a] Error 1
make[1]: Leaving directory '/home/underwater/Underwater-Robotics-24-25/catkin_ws/build/CMakeFiles/CMakeTmp'
Makefile:126: recipe for target 'cmTC_9cc6a/fast' failed
make: *** [cmTC_9cc6a/fast] Error 2


